// Jest Snapshot v1, https://goo.gl/fbAQLP

exports[`testing the Board should verify that the board behaves consistently 1`] = `
Array [
  Array [
    "teal",
    "teal",
    "teal",
    "teal",
    "blue",
    "red",
    "red",
    "yellow",
    "teal",
    "blue",
    "teal",
    "yellow",
    "blue",
    "teal",
    "teal",
    "yellow",
    "teal",
    "blue",
  ],
  Array [
    "teal",
    "teal",
    "teal",
    "teal",
    "blue",
    "blue",
    "teal",
    "teal",
    "red",
    "teal",
    "teal",
    "red",
    "red",
    "yellow",
    "red",
    "yellow",
    "red",
    "blue",
  ],
  Array [
    "teal",
    "red",
    "teal",
    "blue",
    "blue",
    "yellow",
    "red",
    "red",
    "red",
    "yellow",
    "teal",
    "teal",
    "yellow",
    "yellow",
    "yellow",
    "red",
    "yellow",
    "teal",
  ],
  Array [
    "teal",
    "teal",
    "red",
    "red",
    "red",
    "teal",
    "teal",
    "red",
    "red",
    "blue",
    "yellow",
    "red",
    "red",
    "teal",
    "blue",
    "blue",
    "blue",
    "red",
  ],
  Array [
    "teal",
    "blue",
    "teal",
    "blue",
    "red",
    "teal",
    "teal",
    "blue",
    "blue",
    "yellow",
    "yellow",
    "red",
    "red",
    "red",
    "teal",
    "teal",
    "red",
    "red",
  ],
  Array [
    "teal",
    "teal",
    "red",
    "blue",
    "teal",
    "blue",
    "yellow",
    "yellow",
    "blue",
    "teal",
    "blue",
    "teal",
    "teal",
    "blue",
    "teal",
    "teal",
    "teal",
    "teal",
  ],
  Array [
    "yellow",
    "red",
    "red",
    "yellow",
    "yellow",
    "teal",
    "yellow",
    "yellow",
    "blue",
    "yellow",
    "yellow",
    "teal",
    "blue",
    "teal",
    "teal",
    "red",
    "teal",
    "teal",
  ],
  Array [
    "blue",
    "yellow",
    "red",
    "red",
    "yellow",
    "teal",
    "yellow",
    "blue",
    "teal",
    "yellow",
    "yellow",
    "red",
    "blue",
    "yellow",
    "red",
    "teal",
    "blue",
    "teal",
  ],
  Array [
    "red",
    "yellow",
    "teal",
    "blue",
    "teal",
    "blue",
    "blue",
    "teal",
    "yellow",
    "teal",
    "blue",
    "red",
    "yellow",
    "blue",
    "blue",
    "teal",
    "teal",
    "teal",
  ],
  Array [
    "red",
    "yellow",
    "red",
    "teal",
    "yellow",
    "blue",
    "yellow",
    "red",
    "blue",
    "teal",
    "yellow",
    "red",
    "red",
    "teal",
    "blue",
    "teal",
    "yellow",
    "teal",
  ],
  Array [
    "yellow",
    "blue",
    "blue",
    "red",
    "teal",
    "teal",
    "red",
    "teal",
    "teal",
    "teal",
    "blue",
    "blue",
    "blue",
    "teal",
    "red",
    "blue",
    "blue",
    "blue",
  ],
  Array [
    "blue",
    "teal",
    "blue",
    "red",
    "blue",
    "red",
    "red",
    "blue",
    "blue",
    "blue",
    "teal",
    "yellow",
    "blue",
    "yellow",
    "blue",
    "teal",
    "teal",
    "yellow",
  ],
  Array [
    "blue",
    "teal",
    "blue",
    "red",
    "blue",
    "teal",
    "blue",
    "teal",
    "teal",
    "blue",
    "teal",
    "blue",
    "blue",
    "teal",
    "teal",
    "blue",
    "red",
    "blue",
  ],
  Array [
    "blue",
    "blue",
    "teal",
    "teal",
    "blue",
    "red",
    "red",
    "yellow",
    "red",
    "red",
    "blue",
    "red",
    "red",
    "blue",
    "yellow",
    "red",
    "teal",
    "teal",
  ],
  Array [
    "blue",
    "red",
    "yellow",
    "blue",
    "teal",
    "teal",
    "teal",
    "yellow",
    "red",
    "blue",
    "teal",
    "teal",
    "teal",
    "red",
    "yellow",
    "blue",
    "teal",
    "teal",
  ],
  Array [
    "blue",
    "red",
    "red",
    "yellow",
    "yellow",
    "yellow",
    "red",
    "teal",
    "teal",
    "teal",
    "teal",
    "blue",
    "red",
    "blue",
    "red",
    "yellow",
    "teal",
    "red",
  ],
  Array [
    "teal",
    "yellow",
    "yellow",
    "yellow",
    "teal",
    "teal",
    "teal",
    "teal",
    "blue",
    "red",
    "yellow",
    "blue",
    "teal",
    "blue",
    "teal",
    "blue",
    "yellow",
    "teal",
  ],
  Array [
    "blue",
    "yellow",
    "teal",
    "yellow",
    "yellow",
    "teal",
    "yellow",
    "teal",
    "blue",
    "blue",
    "yellow",
    "blue",
    "blue",
    "yellow",
    "teal",
    "blue",
    "yellow",
    "red",
  ],
]
`;
